
> react-example@0.0.0 build
> vite build && tsx scripts/crawl.ts && tsx scripts/prerender.ts && esbuild server.ts --bundle --platform=node --format=cjs --packages=external --sourcemap --outfile=dist/server.cjs

vite v6.4.2 building for production...
transforming...
✓ 2477 modules transformed.
rendering chunks...
computing gzip size...
dist/index.html                    65.40 kB │ gzip:    10.35 kB
dist/assets/index-DJEbNMI7.css    257.12 kB │ gzip:    31.30 kB
dist/assets/index-C0uQ0Q_t.js   6,844.37 kB │ gzip: 1,154.63 kB │ map: 11,016.39 kB

(!) Some chunks are larger than 1000 kB after minification. Consider:
- Using dynamic import() to code-split the application
- Use build.rollupOptions.output.manualChunks to improve chunking: https://rollupjs.org/configuration-options/#output-manualchunks
- Adjust chunk size limit for this warning via build.chunkSizeWarningLimit.
✓ built in 22.68s
Total URLs found and added to sitemap: 348
WebSocket server error: Port 24678 is already in use
12:45:57 AM [vite] (client) Re-optimizing dependencies because vite config has changed
ALL PATHS LENGTH: 348
Prerendering 348 pages...
SEO rendered!
SEO path: /
✓ Prerendered /
SEO rendered!
SEO path: /contact
✓ Prerendered /contact
SEO rendered!
SEO path: /spawn-seed
✓ Prerendered /spawn-seed
SEO rendered!
SEO path: /services/oyster-mushroom
✓ Prerendered /services/oyster-mushroom
SEO rendered!
SEO path: /blog/mushroom-farming-business-plan-india
✓ Prerendered /blog/mushroom-farming-business-plan-india
SEO rendered!
SEO path: /blog/button-mushroom-farming-guide
✓ Prerendered /blog/button-mushroom-farming-guide
SEO rendered!
SEO path: /services/milky-mushroom
✓ Prerendered /services/milky-mushroom
SEO rendered!
SEO path: /services/turnkey-setup
✓ Prerendered /services/turnkey-setup
SEO rendered!
SEO path: /services/button-mushroom
✓ Prerendered /services/button-mushroom
SEO rendered!
SEO path: /spawn-seeds
✓ Prerendered /spawn-seeds
SEO rendered!
SEO path: /project-specs
✓ Prerendered /project-specs
SEO rendered!
SEO path: /mushroom-farming-mangalore-karnataka
✓ Prerendered /mushroom-farming-mangalore-karnataka
SEO rendered!
SEO path: /blog/oyster-mushroom-cultivation-india
✓ Prerendered /blog/oyster-mushroom-cultivation-india
SEO rendered!
SEO path: /blog/button-mushroom-vs-oyster-mushroom
✓ Prerendered /blog/button-mushroom-vs-oyster-mushroom
SEO rendered!
SEO path: /cities/rajasthan/bikaner
✓ Prerendered /cities/rajasthan/bikaner
SEO rendered!
SEO path: /training/online
✓ Prerendered /training/online
SEO rendered!
SEO path: /training/offline
✓ Prerendered /training/offline
SEO rendered!
SEO path: /cities
✓ Prerendered /cities
SEO rendered!
SEO path: /blog/mushroom-training-guide-english
✓ Prerendered /blog/mushroom-training-guide-english
SEO rendered!
SEO path: /cities/kerala/thiruvananthapuram
✓ Prerendered /cities/kerala/thiruvananthapuram
SEO rendered!
SEO path: /mushroom-farming-guwahati-assam
✓ Prerendered /mushroom-farming-guwahati-assam
SEO rendered!
SEO path: /contact-form
✓ Prerendered /contact-form
SEO rendered!
SEO path: /disclaimer
✓ Prerendered /disclaimer
SEO rendered!
SEO path: /cities/rajasthan/udaipur
✓ Prerendered /cities/rajasthan/udaipur
SEO rendered!
SEO path: /blog/mushroom-farming-ghar-par-kaise-ugayein-india-guide-2026
✓ Prerendered /blog/mushroom-farming-ghar-par-kaise-ugayein-india-guide-2026
SEO rendered!
SEO path: /cities/karnataka/mysuru
✓ Prerendered /cities/karnataka/mysuru
SEO rendered!
SEO path: /cities/west-bengal/siliguri
✓ Prerendered /cities/west-bengal/siliguri
SEO rendered!
SEO path: /blog/turnkey-commercial-setup
✓ Prerendered /blog/turnkey-commercial-setup
SEO rendered!
SEO path: /operations
✓ Prerendered /operations
SEO rendered!
SEO path: /articles/oyster-mushroom-cultivation-india
✓ Prerendered /articles/oyster-mushroom-cultivation-india
SEO rendered!
SEO path: /compost-unit
✓ Prerendered /compost-unit
SEO rendered!
SEO path: /articles/oyster-mushroom-cultivation-process
✓ Prerendered /articles/oyster-mushroom-cultivation-process
SEO rendered!
SEO path: /articles/white-button-mushroom-business-plan
✓ Prerendered /articles/white-button-mushroom-business-plan
SEO rendered!
SEO path: /articles/organic-mushroom-farm-everything-you-need-to-know
✓ Prerendered /articles/organic-mushroom-farm-everything-you-need-to-know
SEO rendered!
SEO path: /articles/commercial-mushroom-farm-setup-training
✓ Prerendered /articles/commercial-mushroom-farm-setup-training
SEO rendered!
SEO path: /blog/mushroom-farming-training-online-offline-certificate
✓ Prerendered /blog/mushroom-farming-training-online-offline-certificate
SEO rendered!
SEO path: /book-consultant
✓ Prerendered /book-consultant
SEO rendered!
SEO path: /on-site-consultation
✓ Prerendered /on-site-consultation
SEO rendered!
SEO path: /payment-success
✓ Prerendered /payment-success
SEO rendered!
SEO path: /payment-cancelled
✓ Prerendered /payment-cancelled
SEO rendered!
SEO path: /about
✓ Prerendered /about
SEO rendered!
SEO path: /services
✓ Prerendered /services
SEO rendered!
SEO path: /services/spawn-supply
SEO rendered!
SEO path: /services/spawn-supply
✓ Prerendered /services/spawn-supply
SEO rendered!
SEO path: /services/compost-production
SEO rendered!
SEO path: /services/compost-production
✓ Prerendered /services/compost-production
SEO rendered!
SEO path: /services/consultancy
SEO rendered!
SEO path: /services/consultancy
✓ Prerendered /services/consultancy
SEO rendered!
SEO path: /services/marketing-support
SEO rendered!
SEO path: /services/marketing-support
✓ Prerendered /services/marketing-support
SEO rendered!
SEO path: /services/cold-chain
SEO rendered!
SEO path: /services/cold-chain
✓ Prerendered /services/cold-chain
SEO rendered!
SEO path: /services/subsidy
SEO rendered!
SEO path: /services/subsidy
✓ Prerendered /services/subsidy
SEO rendered!
SEO path: /process/raw-material
SEO rendered!
SEO path: /process/raw-material
✓ Prerendered /process/raw-material
SEO rendered!
SEO path: /process/compost-preparation
SEO rendered!
SEO path: /process/compost-preparation
✓ Prerendered /process/compost-preparation
SEO rendered!
SEO path: /process/production-room
SEO rendered!
SEO path: /process/production-room
✓ Prerendered /process/production-room
SEO rendered!
SEO path: /process/precision-harvest
SEO rendered!
SEO path: /process/precision-harvest
✓ Prerendered /process/precision-harvest
SEO rendered!
SEO path: /process/cold-chain
SEO rendered!
SEO path: /process/cold-chain
✓ Prerendered /process/cold-chain
SEO rendered!
SEO path: /process/market-linkage
SEO rendered!
SEO path: /process/market-linkage
✓ Prerendered /process/market-linkage
SEO rendered!
SEO path: /model-details
✓ Prerendered /model-details
SEO rendered!
SEO path: /compost-unit-specs
✓ Prerendered /compost-unit-specs
SEO rendered!
SEO path: /enquiry
✓ Prerendered /enquiry
SEO rendered!
SEO path: /sops
✓ Prerendered /sops
SEO rendered!
SEO path: /expertise-details
✓ Prerendered /expertise-details
SEO rendered!
SEO path: /business-plan
✓ Prerendered /business-plan
SEO rendered!
SEO path: /usatraining
✓ Prerendered /usatraining
SEO rendered!
SEO path: /usatraining/success/basic
✓ Prerendered /usatraining/success/basic
SEO rendered!
SEO path: /usatraining/success/advanced
✓ Prerendered /usatraining/success/advanced
SEO rendered!
SEO path: /mushroom-types
✓ Prerendered /mushroom-types
SEO rendered!
SEO path: /mushroom-types/white-button
✓ Prerendered /mushroom-types/white-button
SEO rendered!
SEO path: /mushroom-types/milky-mushroom
✓ Prerendered /mushroom-types/milky-mushroom
SEO rendered!
SEO path: /mushroom-types/oyster
✓ Prerendered /mushroom-types/oyster
SEO rendered!
SEO path: /mushroom-types/shiitake
✓ Prerendered /mushroom-types/shiitake
SEO rendered!
SEO path: /mushroom-types/lions-mane
✓ Prerendered /mushroom-types/lions-mane
SEO rendered!
SEO path: /mushroom-types/reishi
✓ Prerendered /mushroom-types/reishi
SEO rendered!
SEO path: /mushroom-types/cordyceps
✓ Prerendered /mushroom-types/cordyceps
SEO rendered!
SEO path: /mushroom-types/paddy-straw
✓ Prerendered /mushroom-types/paddy-straw
SEO rendered!
SEO path: /equipment
✓ Prerendered /equipment
SEO rendered!
SEO path: /equipment/infrastructure-and-insulation
✓ Prerendered /equipment/infrastructure-and-insulation
SEO rendered!
SEO path: /equipment/growing-racks-and-shelving
✓ Prerendered /equipment/growing-racks-and-shelving
SEO rendered!
SEO path: /equipment/complete-list
✓ Prerendered /equipment/complete-list
SEO rendered!
SEO path: /equipment/complete-list/machinery
✓ Prerendered /equipment/complete-list/machinery
SEO rendered!
SEO path: /equipment/complete-list/equipment
✓ Prerendered /equipment/complete-list/equipment
SEO rendered!
SEO path: /equipment/complete-list/safety
✓ Prerendered /equipment/complete-list/safety
SEO rendered!
SEO path: /equipment/complete-list/infrastructure
✓ Prerendered /equipment/complete-list/infrastructure
SEO rendered!
SEO path: /equipment/complete-list/raw-material
✓ Prerendered /equipment/complete-list/raw-material
SEO rendered!
SEO path: /equipment/complete-list/substrate-preparation
✓ Prerendered /equipment/complete-list/substrate-preparation
SEO rendered!
SEO path: /equipment/complete-list/compost-unit
✓ Prerendered /equipment/complete-list/compost-unit
SEO rendered!
SEO path: /equipment/complete-list/spawn-production
✓ Prerendered /equipment/complete-list/spawn-production
SEO rendered!
SEO path: /equipment/complete-list/laboratory
✓ Prerendered /equipment/complete-list/laboratory
SEO rendered!
SEO path: /equipment/complete-list/climate-control
✓ Prerendered /equipment/complete-list/climate-control
SEO rendered!
SEO path: /equipment/complete-list/ventilation
✓ Prerendered /equipment/complete-list/ventilation
SEO rendered!
SEO path: /equipment/complete-list/water-management
✓ Prerendered /equipment/complete-list/water-management
SEO rendered!
SEO path: /equipment/complete-list/harvest-post-harvest
✓ Prerendered /equipment/complete-list/harvest-post-harvest
SEO rendered!
SEO path: /equipment/complete-list/cold-chain
✓ Prerendered /equipment/complete-list/cold-chain
SEO rendered!
SEO path: /equipment/complete-list/processing
✓ Prerendered /equipment/complete-list/processing
SEO rendered!
SEO path: /equipment/complete-list/material-handling
✓ Prerendered /equipment/complete-list/material-handling
SEO rendered!
SEO path: /equipment/complete-list/electrical-power
✓ Prerendered /equipment/complete-list/electrical-power
SEO rendered!
SEO path: /equipment/complete-list/cleaning-biosecurity
✓ Prerendered /equipment/complete-list/cleaning-biosecurity
SEO rendered!
SEO path: /equipment/complete-list/quality-control
✓ Prerendered /equipment/complete-list/quality-control
SEO rendered!
SEO path: /equipment/complete-list/safety-additional
✓ Prerendered /equipment/complete-list/safety-additional
SEO rendered!
SEO path: /equipment/complete-list/waste-management
✓ Prerendered /equipment/complete-list/waste-management
SEO rendered!
SEO path: /subsidy
✓ Prerendered /subsidy
SEO rendered!
SEO path: /pan-india-global-operations
✓ Prerendered /pan-india-global-operations
SEO rendered!
SEO path: /mushroom-farm-climate-tracker
✓ Prerendered /mushroom-farm-climate-tracker
SEO rendered!
SEO path: /blog
✓ Prerendered /blog
SEO rendered!
SEO path: /blog/1
✓ Prerendered /blog/1
SEO rendered!
SEO path: /blog/2
✓ Prerendered /blog/2
SEO rendered!
SEO path: /blog/3
✓ Prerendered /blog/3
SEO rendered!
SEO path: /blog/4
✓ Prerendered /blog/4
SEO rendered!
SEO path: /blog/5
✓ Prerendered /blog/5
SEO rendered!
SEO path: /blog/6
✓ Prerendered /blog/6
SEO rendered!
SEO path: /blog/7
✓ Prerendered /blog/7
SEO rendered!
SEO path: /blog/8
✓ Prerendered /blog/8
SEO rendered!
SEO path: /blog/9
✓ Prerendered /blog/9
SEO rendered!
SEO path: /blog/10
✓ Prerendered /blog/10
SEO rendered!
SEO path: /articles/mushroom-farming-beginner-guide-india-2026-2027
✓ Prerendered /articles/mushroom-farming-beginner-guide-india-2026-2027
SEO rendered!
SEO path: /articles/what-is-mushroom-spawn-beginner-guide-india
✓ Prerendered /articles/what-is-mushroom-spawn-beginner-guide-india
SEO rendered!
SEO path: /articles/mushroom-farming-business-plan-hindi-2026
✓ Prerendered /articles/mushroom-farming-business-plan-hindi-2026
SEO rendered!
SEO path: /articles/mushroom-farming-training-hindi-india
✓ Prerendered /articles/mushroom-farming-training-hindi-india
SEO rendered!
SEO path: /articles/mushroom-farming-training-online-offline-certificate
✓ Prerendered /articles/mushroom-farming-training-online-offline-certificate
SEO rendered!
SEO path: /articles/mushroom-farming-ghar-par-kaise-ugayein-india-guide-2026
✓ Prerendered /articles/mushroom-farming-ghar-par-kaise-ugayein-india-guide-2026
SEO rendered!
SEO path: /articles/mushroom-farming-complete-guide-hinglish-india
✓ Prerendered /articles/mushroom-farming-complete-guide-hinglish-india
SEO rendered!
SEO path: /articles/mushroom-training-profit-guide-usa
✓ Prerendered /articles/mushroom-training-profit-guide-usa
SEO rendered!
SEO path: /articles/medicinal-mushrooms-income-guide-usa
✓ Prerendered /articles/medicinal-mushrooms-income-guide-usa
SEO rendered!
SEO path: /success-stories
✓ Prerendered /success-stories
SEO rendered!
SEO path: /success-story/rajesh-kumar
✓ Prerendered /success-story/rajesh-kumar
SEO rendered!
SEO path: /success-story/sneha-sharma
✓ Prerendered /success-story/sneha-sharma
SEO rendered!
SEO path: /success-story/amit-singhal
✓ Prerendered /success-story/amit-singhal
SEO rendered!
SEO path: /workshop
✓ Prerendered /workshop
SEO rendered!
SEO path: /training
✓ Prerendered /training
SEO rendered!
SEO path: /training-checkout
✓ Prerendered /training-checkout
SEO rendered!
SEO path: /turnkey-projects
✓ Prerendered /turnkey-projects
SEO rendered!
SEO path: /gallery
✓ Prerendered /gallery
SEO rendered!
SEO path: /faq
✓ Prerendered /faq
SEO rendered!
SEO path: /roi-calculator
✓ Prerendered /roi-calculator
SEO rendered!
SEO path: /terms
✓ Prerendered /terms
SEO rendered!
SEO path: /privacy
✓ Prerendered /privacy
SEO rendered!
SEO path: /refund-policy
✓ Prerendered /refund-policy
SEO rendered!
SEO path: /shipping-policy
✓ Prerendered /shipping-policy
SEO rendered!
SEO path: /support
✓ Prerendered /support
SEO rendered!
SEO path: /careers
✓ Prerendered /careers
SEO rendered!
SEO path: /mushroom-price-today
✓ Prerendered /mushroom-price-today
SEO rendered!
SEO path: /mushroom-franchise
✓ Prerendered /mushroom-franchise
SEO rendered!
SEO path: /site-directory
✓ Prerendered /site-directory
SEO rendered!
SEO path: /states
✓ Prerendered /states
SEO rendered!
SEO path: /states/madhya-pradesh
✓ Prerendered /states/madhya-pradesh
SEO rendered!
SEO path: /madhya-pradesh/how-to-start-mushroom-farming-india
✓ Prerendered /madhya-pradesh/how-to-start-mushroom-farming-india
SEO rendered!
SEO path: /states/maharashtra
✓ Prerendered /states/maharashtra
SEO rendered!
SEO path: /states/karnataka
✓ Prerendered /states/karnataka
SEO rendered!
SEO path: /states/tamil-nadu
✓ Prerendered /states/tamil-nadu
SEO rendered!
SEO path: /states/delhi
✓ Prerendered /states/delhi
SEO rendered!
SEO path: /states/telangana
✓ Prerendered /states/telangana
SEO rendered!
SEO path: /states/west-bengal
✓ Prerendered /states/west-bengal
SEO rendered!
SEO path: /states/bihar
✓ Prerendered /states/bihar
SEO rendered!
SEO path: /states/chandigarh
✓ Prerendered /states/chandigarh
SEO rendered!
SEO path: /states/chhattisgarh
✓ Prerendered /states/chhattisgarh
SEO rendered!
SEO path: /states/kerala
✓ Prerendered /states/kerala
SEO rendered!
SEO path: /states/gujarat
✓ Prerendered /states/gujarat
SEO rendered!
SEO path: /states/punjab
✓ Prerendered /states/punjab
SEO rendered!
SEO path: /states/rajasthan
✓ Prerendered /states/rajasthan
SEO rendered!
SEO path: /states/uttar-pradesh
✓ Prerendered /states/uttar-pradesh
SEO rendered!
SEO path: /states/haryana
✓ Prerendered /states/haryana
SEO rendered!
SEO path: /states/uttarakhand
✓ Prerendered /states/uttarakhand
SEO rendered!
SEO path: /states/andhra-pradesh
✓ Prerendered /states/andhra-pradesh
SEO rendered!
SEO path: /states/odisha
✓ Prerendered /states/odisha
SEO rendered!
SEO path: /states/jharkhand
✓ Prerendered /states/jharkhand
SEO rendered!
SEO path: /states/assam
✓ Prerendered /states/assam
SEO rendered!
SEO path: /cities/madhya-pradesh/jabalpur
✓ Prerendered /cities/madhya-pradesh/jabalpur
SEO rendered!
SEO path: /cities/assam/guwahati
✓ Prerendered /cities/assam/guwahati
SEO rendered!
SEO path: /cities/karnataka/bangalore
✓ Prerendered /cities/karnataka/bangalore
SEO rendered!
SEO path: /mushroom-farming-mysuru-karnataka
✓ Prerendered /mushroom-farming-mysuru-karnataka
SEO rendered!
SEO path: /cities/karnataka/mangalore
✓ Prerendered /cities/karnataka/mangalore
SEO rendered!
SEO path: /cities/chhattisgarh/raipur
✓ Prerendered /cities/chhattisgarh/raipur
SEO rendered!
SEO path: /cities/kerala/kochi
✓ Prerendered /cities/kerala/kochi
SEO rendered!
SEO path: /mushroom-farming-thiruvananthapuram-kerala
✓ Prerendered /mushroom-farming-thiruvananthapuram-kerala
SEO rendered!
SEO path: /cities/odisha/bhubaneswar
✓ Prerendered /cities/odisha/bhubaneswar
SEO rendered!
SEO path: /cities/jharkhand/ranchi
✓ Prerendered /cities/jharkhand/ranchi
SEO rendered!
SEO path: /cities/tamil-nadu/chennai
✓ Prerendered /cities/tamil-nadu/chennai
SEO rendered!
SEO path: /cities/tamil-nadu/coimbatore
✓ Prerendered /cities/tamil-nadu/coimbatore
SEO rendered!
SEO path: /cities/tamil-nadu/tiruchirappalli
✓ Prerendered /cities/tamil-nadu/tiruchirappalli
SEO rendered!
SEO path: /mushroom-farming-madurai-tamil-nadu
✓ Prerendered /mushroom-farming-madurai-tamil-nadu
SEO rendered!
SEO path: /cities/maharashtra/mumbai
✓ Prerendered /cities/maharashtra/mumbai
SEO rendered!
SEO path: /cities/maharashtra/nashik
✓ Prerendered /cities/maharashtra/nashik
SEO rendered!
SEO path: /product/milky-spawn
✓ Prerendered /product/milky-spawn
SEO rendered!
SEO path: /cities/delhi/new-delhi
✓ Prerendered /cities/delhi/new-delhi
SEO rendered!
SEO path: /cities/haryana/gurugram
✓ Prerendered /cities/haryana/gurugram
SEO rendered!
SEO path: /cities/haryana/faridabad
✓ Prerendered /cities/haryana/faridabad
SEO rendered!
SEO path: /cities/uttar-pradesh/noida
✓ Prerendered /cities/uttar-pradesh/noida
SEO rendered!
SEO path: /mushroom-farming-dehradun-uttarakhand
✓ Prerendered /mushroom-farming-dehradun-uttarakhand
SEO rendered!
SEO path: /cities/telangana/hyderabad
✓ Prerendered /cities/telangana/hyderabad
SEO rendered!
SEO path: /cities/west-bengal/kolkata
✓ Prerendered /cities/west-bengal/kolkata
SEO rendered!
SEO path: /mushroom-farming-siliguri-west-bengal
✓ Prerendered /mushroom-farming-siliguri-west-bengal
SEO rendered!
SEO path: /cities/gujarat/ahmedabad
✓ Prerendered /cities/gujarat/ahmedabad
SEO rendered!
SEO path: /cities/andhra-pradesh/visakhapatnam
✓ Prerendered /cities/andhra-pradesh/visakhapatnam
SEO rendered!
SEO path: /cities/andhra-pradesh/vijayawada
✓ Prerendered /cities/andhra-pradesh/vijayawada
SEO rendered!
SEO path: /cities/gujarat/surat
✓ Prerendered /cities/gujarat/surat
SEO rendered!
SEO path: /cities/gujarat/rajkot
✓ Prerendered /cities/gujarat/rajkot
SEO rendered!
SEO path: /mushroom-farming-vadodara-gujarat
✓ Prerendered /mushroom-farming-vadodara-gujarat
SEO rendered!
SEO path: /mushroom-farming-amritsar-punjab
✓ Prerendered /mushroom-farming-amritsar-punjab
SEO rendered!
SEO path: /cities/bihar/patna
✓ Prerendered /cities/bihar/patna
SEO rendered!
SEO path: /cities/chandigarh
✓ Prerendered /cities/chandigarh
SEO rendered!
SEO path: /cities/rajasthan/jaipur
✓ Prerendered /cities/rajasthan/jaipur
SEO rendered!
SEO path: /mushroom-farming-bikaner-rajasthan
✓ Prerendered /mushroom-farming-bikaner-rajasthan
SEO rendered!
SEO path: /mushroom-farming-udaipur-rajasthan
✓ Prerendered /mushroom-farming-udaipur-rajasthan
SEO rendered!
SEO path: /cities/uttar-pradesh/lucknow
✓ Prerendered /cities/uttar-pradesh/lucknow
SEO rendered!
SEO path: /cities/uttar-pradesh/agra
✓ Prerendered /cities/uttar-pradesh/agra
SEO rendered!
SEO path: /cities/uttar-pradesh/kanpur
✓ Prerendered /cities/uttar-pradesh/kanpur
SEO rendered!
SEO path: /cities/madhya-pradesh/indore
✓ Prerendered /cities/madhya-pradesh/indore
SEO rendered!
SEO path: /cities/madhya-pradesh/bhopal
✓ Prerendered /cities/madhya-pradesh/bhopal
SEO rendered!
SEO path: /cities/madhya-pradesh/gwalior
✓ Prerendered /cities/madhya-pradesh/gwalior
SEO rendered!
SEO path: /cities/maharashtra/nagpur
✓ Prerendered /cities/maharashtra/nagpur
SEO rendered!
SEO path: /cities/maharashtra/aurangabad
✓ Prerendered /cities/maharashtra/aurangabad
SEO rendered!
SEO path: /articles/turnkey-mushroom-farm-setup-india
✓ Prerendered /articles/turnkey-mushroom-farm-setup-india
SEO rendered!
SEO path: /articles/turnkey-commercial-setup
✓ Prerendered /articles/turnkey-commercial-setup
SEO rendered!
SEO path: /blog/mushroom-training-guide-punjabi
✓ Prerendered /blog/mushroom-training-guide-punjabi
SEO rendered!
SEO path: /blog/organic-mushrooms-health-benefits-nutrition-cultivation-uses
✓ Prerendered /blog/organic-mushrooms-health-benefits-nutrition-cultivation-uses
SEO rendered!
SEO path: /blog/mushroom-training-guide-hindi
✓ Prerendered /blog/mushroom-training-guide-hindi
SEO rendered!
SEO path: /blog/mushroom-farming-business-practical-guide
✓ Prerendered /blog/mushroom-farming-business-practical-guide
SEO rendered!
SEO path: /blog/7-mushroom-farming-mistakes-india
✓ Prerendered /blog/7-mushroom-farming-mistakes-india
SEO rendered!
SEO path: /blog/commercial-mushroom-farming-india
✓ Prerendered /blog/commercial-mushroom-farming-india
SEO rendered!
SEO path: /blog/mushroom-farming-training-tamil-guide
✓ Prerendered /blog/mushroom-farming-training-tamil-guide
SEO rendered!
SEO path: /blog/mushroom-farming-russia
✓ Prerendered /blog/mushroom-farming-russia
SEO rendered!
SEO path: /blog/best-mushroom-farming-training-guide-india
✓ Prerendered /blog/best-mushroom-farming-training-guide-india
SEO rendered!
SEO path: /blog/how-to-get-mushroom-farming-training
✓ Prerendered /blog/how-to-get-mushroom-farming-training
SEO rendered!
SEO path: /locations/jabalpur
✓ Prerendered /locations/jabalpur
SEO rendered!
SEO path: /locations/jabalpur/mushroom-training-center
✓ Prerendered /locations/jabalpur/mushroom-training-center
SEO rendered!
SEO path: /locations/jabalpur/government-mushroom-training-center
✓ Prerendered /locations/jabalpur/government-mushroom-training-center
SEO rendered!
SEO path: /locations/jabalpur/mushroom-training-center-near-me
✓ Prerendered /locations/jabalpur/mushroom-training-center-near-me
SEO rendered!
SEO path: /locations/jabalpur/mushroom-farming-training-center
✓ Prerendered /locations/jabalpur/mushroom-farming-training-center
SEO rendered!
SEO path: /locations/jabalpur/best-mushroom-training-center
✓ Prerendered /locations/jabalpur/best-mushroom-training-center
SEO rendered!
SEO path: /locations/jabalpur/mushroom-cultivation-training-center
✓ Prerendered /locations/jabalpur/mushroom-cultivation-training-center
SEO rendered!
SEO path: /locations/jabalpur/mushroom-cultivation-and-training-center
✓ Prerendered /locations/jabalpur/mushroom-cultivation-and-training-center
SEO rendered!
SEO path: /locations/jabalpur/mushroom-development-and-training-center
✓ Prerendered /locations/jabalpur/mushroom-development-and-training-center
SEO rendered!
SEO path: /locations/jabalpur/mushroom-farm-learning-center
✓ Prerendered /locations/jabalpur/mushroom-farm-learning-center
SEO rendered!
SEO path: /locations/jabalpur/mushroom-training-center-mp
✓ Prerendered /locations/jabalpur/mushroom-training-center-mp
SEO rendered!
SEO path: /locations/jabalpur/mushroom-training-center-bihar
✓ Prerendered /locations/jabalpur/mushroom-training-center-bihar
SEO rendered!
SEO path: /locations/jabalpur/mushroom-training-center-karnataka
✓ Prerendered /locations/jabalpur/mushroom-training-center-karnataka
SEO rendered!
SEO path: /locations/jabalpur/mushroom-training-center-maharashtra
✓ Prerendered /locations/jabalpur/mushroom-training-center-maharashtra
SEO rendered!
SEO path: /locations/jabalpur/mushroom-training-center-nagpur
✓ Prerendered /locations/jabalpur/mushroom-training-center-nagpur
SEO rendered!
SEO path: /locations/jabalpur/mushroom-training-center-kolkata
✓ Prerendered /locations/jabalpur/mushroom-training-center-kolkata
SEO rendered!
SEO path: /locations/jabalpur/mushroom-training-center-mumbai
✓ Prerendered /locations/jabalpur/mushroom-training-center-mumbai
SEO rendered!
SEO path: /locations/jabalpur/mushroom-training-center-hyderabad
✓ Prerendered /locations/jabalpur/mushroom-training-center-hyderabad
SEO rendered!
SEO path: /locations/jabalpur/mushroom-farming-training-by-government
✓ Prerendered /locations/jabalpur/mushroom-farming-training-by-government
SEO rendered!
SEO path: /locations/jabalpur/government-mushroom-training-center-near-me
✓ Prerendered /locations/jabalpur/government-mushroom-training-center-near-me
SEO rendered!
SEO path: /locations/jabalpur/mushroom-farming-training-government-online
✓ Prerendered /locations/jabalpur/mushroom-farming-training-government-online
SEO rendered!
SEO path: /locations/jabalpur/mushroom-farming-training-up-government
✓ Prerendered /locations/jabalpur/mushroom-farming-training-up-government
SEO rendered!
SEO path: /locations/jabalpur/mushroom-farming-training-bihar-government
✓ Prerendered /locations/jabalpur/mushroom-farming-training-bihar-government
SEO rendered!
SEO path: /locations/jabalpur/mushroom-farming-training-karnataka-government
✓ Prerendered /locations/jabalpur/mushroom-farming-training-karnataka-government
SEO rendered!
SEO path: /locations/jabalpur/mushroom-farming-subsidy
✓ Prerendered /locations/jabalpur/mushroom-farming-subsidy
SEO rendered!
SEO path: /locations/jabalpur/mushroom-farming-training
✓ Prerendered /locations/jabalpur/mushroom-farming-training
SEO rendered!
SEO path: /locations/jabalpur/mushroom-farming-training-offline
✓ Prerendered /locations/jabalpur/mushroom-farming-training-offline
SEO rendered!
SEO path: /locations/jabalpur/mushroom-farming-training-near-me
✓ Prerendered /locations/jabalpur/mushroom-farming-training-near-me
SEO rendered!
SEO path: /locations/jabalpur/mushroom-farming-training-online
✓ Prerendered /locations/jabalpur/mushroom-farming-training-online
SEO rendered!
SEO path: /locations/jabalpur/mushroom-cultivation-training-near-me
✓ Prerendered /locations/jabalpur/mushroom-cultivation-training-near-me
SEO rendered!
SEO path: /locations/jabalpur/mushroom-growing-training-courses
✓ Prerendered /locations/jabalpur/mushroom-growing-training-courses
SEO rendered!
SEO path: /locations/jabalpur/mushroom-course-near-me
✓ Prerendered /locations/jabalpur/mushroom-course-near-me
SEO rendered!
SEO path: /locations/jabalpur/mushroom-cultivation-training-fees
✓ Prerendered /locations/jabalpur/mushroom-cultivation-training-fees
SEO rendered!
SEO path: /locations/jabalpur/oyster-mushroom-training-center
✓ Prerendered /locations/jabalpur/oyster-mushroom-training-center
SEO rendered!
SEO path: /locations/jabalpur/button-mushroom-training-center
✓ Prerendered /locations/jabalpur/button-mushroom-training-center
SEO rendered!
SEO path: /locations/jabalpur/mushroom-workshop
✓ Prerendered /locations/jabalpur/mushroom-workshop
SEO rendered!
SEO path: /locations/jabalpur/king-oyster-mushroom-class
✓ Prerendered /locations/jabalpur/king-oyster-mushroom-class
SEO rendered!
SEO path: /locations/jabalpur/how-to-grow-mushroom
✓ Prerendered /locations/jabalpur/how-to-grow-mushroom
SEO rendered!
SEO path: /locations/jabalpur/how-to-grow-mushroom-at-home
✓ Prerendered /locations/jabalpur/how-to-grow-mushroom-at-home
SEO rendered!
SEO path: /locations/jabalpur/how-to-grow-mushroom-for-business
✓ Prerendered /locations/jabalpur/how-to-grow-mushroom-for-business
SEO rendered!
SEO path: /locations/jabalpur/how-to-grow-mushroom-commercially
✓ Prerendered /locations/jabalpur/how-to-grow-mushroom-commercially
SEO rendered!
SEO path: /locations/jabalpur/how-to-grow-oyster-mushroom
✓ Prerendered /locations/jabalpur/how-to-grow-oyster-mushroom
SEO rendered!
SEO path: /locations/jabalpur/how-to-grow-button-mushroom
✓ Prerendered /locations/jabalpur/how-to-grow-button-mushroom
SEO rendered!
SEO path: /locations/jabalpur/how-to-grow-white-button-mushroom
✓ Prerendered /locations/jabalpur/how-to-grow-white-button-mushroom
SEO rendered!
SEO path: /locations/jabalpur/how-to-grow-shiitake-mushroom
✓ Prerendered /locations/jabalpur/how-to-grow-shiitake-mushroom
SEO rendered!
SEO path: /locations/jabalpur/how-to-grow-lions-mane-mushroom
✓ Prerendered /locations/jabalpur/how-to-grow-lions-mane-mushroom
SEO rendered!
SEO path: /locations/jabalpur/how-to-grow-king-oyster-mushroom
✓ Prerendered /locations/jabalpur/how-to-grow-king-oyster-mushroom
SEO rendered!
SEO path: /locations/jabalpur/how-to-grow-reishi-mushroom
✓ Prerendered /locations/jabalpur/how-to-grow-reishi-mushroom
SEO rendered!
SEO path: /locations/jabalpur/how-to-grow-gucchi-mushroom
✓ Prerendered /locations/jabalpur/how-to-grow-gucchi-mushroom
SEO rendered!
SEO path: /locations/jabalpur/how-to-grow-mushroom-plastic-bottles
✓ Prerendered /locations/jabalpur/how-to-grow-mushroom-plastic-bottles
SEO rendered!
SEO path: /locations/jabalpur/how-to-grow-mushroom-on-logs
✓ Prerendered /locations/jabalpur/how-to-grow-mushroom-on-logs
SEO rendered!
SEO path: /locations/jabalpur/how-to-grow-mushroom-indoors
✓ Prerendered /locations/jabalpur/how-to-grow-mushroom-indoors
SEO rendered!
SEO path: /locations/jabalpur/how-to-grow-mushroom-spawn-at-home
✓ Prerendered /locations/jabalpur/how-to-grow-mushroom-spawn-at-home
SEO rendered!
SEO path: /locations/jabalpur/stages-of-mushroom-growth
✓ Prerendered /locations/jabalpur/stages-of-mushroom-growth
SEO rendered!
SEO path: /locations/jabalpur/7-steps-mushroom-cultivation
✓ Prerendered /locations/jabalpur/7-steps-mushroom-cultivation
SEO rendered!
SEO path: /locations/jabalpur/how-long-mushroom-take-to-grow
✓ Prerendered /locations/jabalpur/how-long-mushroom-take-to-grow
SEO rendered!
SEO path: /locations/jabalpur/types-of-mushroom-in-india
✓ Prerendered /locations/jabalpur/types-of-mushroom-in-india
SEO rendered!
SEO path: /locations/jabalpur/khane-wale-mushroom-ke-naam
✓ Prerendered /locations/jabalpur/khane-wale-mushroom-ke-naam
SEO rendered!
SEO path: /locations/jabalpur/mushroom-kya-hai
✓ Prerendered /locations/jabalpur/mushroom-kya-hai
SEO rendered!
SEO path: /locations/jabalpur/mushroom-kitne-prakar-ke-hote-hain
✓ Prerendered /locations/jabalpur/mushroom-kitne-prakar-ke-hote-hain
SEO rendered!
SEO path: /locations/jabalpur/oyster-mushroom-in-hindi
✓ Prerendered /locations/jabalpur/oyster-mushroom-in-hindi
SEO rendered!
SEO path: /locations/jabalpur/sabse-mahanga-mushroom
✓ Prerendered /locations/jabalpur/sabse-mahanga-mushroom
SEO rendered!
SEO path: /locations/jabalpur/most-expensive-mushroom-india
✓ Prerendered /locations/jabalpur/most-expensive-mushroom-india
SEO rendered!
SEO path: /locations/jabalpur/mushroom-price-list-india
✓ Prerendered /locations/jabalpur/mushroom-price-list-india
SEO rendered!
SEO path: /locations/jabalpur/button-mushroom-price
✓ Prerendered /locations/jabalpur/button-mushroom-price
SEO rendered!
SEO path: /locations/jabalpur/oyster-mushroom-price
✓ Prerendered /locations/jabalpur/oyster-mushroom-price
SEO rendered!
SEO path: /locations/jabalpur/mushroom-market-in-india
✓ Prerendered /locations/jabalpur/mushroom-market-in-india
SEO rendered!
SEO path: /locations/jabalpur/mushroom-health-benefits
✓ Prerendered /locations/jabalpur/mushroom-health-benefits
SEO rendered!
SEO path: /locations/jabalpur/mushroom-farming-in-india
✓ Prerendered /locations/jabalpur/mushroom-farming-in-india
SEO rendered!
SEO path: /locations/jabalpur/how-to-start-mushroom-farming
✓ Prerendered /locations/jabalpur/how-to-start-mushroom-farming
SEO rendered!
SEO path: /locations/jabalpur/how-to-start-mushroom-farming-at-home
✓ Prerendered /locations/jabalpur/how-to-start-mushroom-farming-at-home
SEO rendered!
SEO path: /locations/jabalpur/mushroom-farming-profit-per-acre
✓ Prerendered /locations/jabalpur/mushroom-farming-profit-per-acre
SEO rendered!
SEO path: /locations/jabalpur/mushroom-farming-cost-and-profit
✓ Prerendered /locations/jabalpur/mushroom-farming-cost-and-profit
SEO rendered!
SEO path: /locations/jabalpur/mushroom-farming-requirements
✓ Prerendered /locations/jabalpur/mushroom-farming-requirements
SEO rendered!
SEO path: /locations/jabalpur/mushroom-yield-per-kg-seeds
✓ Prerendered /locations/jabalpur/mushroom-yield-per-kg-seeds
SEO rendered!
SEO path: /locations/jabalpur/mushroom-ki-kheti
✓ Prerendered /locations/jabalpur/mushroom-ki-kheti
SEO rendered!
SEO path: /locations/jabalpur/mushroom-ki-kheti-kaise-karen
✓ Prerendered /locations/jabalpur/mushroom-ki-kheti-kaise-karen
SEO rendered!
SEO path: /locations/jabalpur/mushroom-farm-setup
✓ Prerendered /locations/jabalpur/mushroom-farm-setup
SEO rendered!
SEO path: /locations/jabalpur/how-to-build-mushroom-grow-room
✓ Prerendered /locations/jabalpur/how-to-build-mushroom-grow-room
SEO rendered!
SEO path: /locations/jabalpur/indoor-oyster-mushroom-farm
✓ Prerendered /locations/jabalpur/indoor-oyster-mushroom-farm
SEO rendered!
SEO path: /locations/jabalpur/mushroom-spawn-supplier
✓ Prerendered /locations/jabalpur/mushroom-spawn-supplier
SEO rendered!
SEO path: /locations/jabalpur/oyster-mushroom-spawn
✓ Prerendered /locations/jabalpur/oyster-mushroom-spawn
SEO rendered!
SEO path: /locations/jabalpur/button-mushroom-spawn
✓ Prerendered /locations/jabalpur/button-mushroom-spawn
SEO rendered!
SEO path: /locations/jabalpur/mushroom-spawn-at-home
✓ Prerendered /locations/jabalpur/mushroom-spawn-at-home
SEO rendered!
SEO path: /locations/jabalpur/mushroom-liquid-culture
✓ Prerendered /locations/jabalpur/mushroom-liquid-culture
SEO rendered!
SEO path: /locations/jabalpur/mushroom-growing-kit
✓ Prerendered /locations/jabalpur/mushroom-growing-kit
SEO rendered!
SEO path: /locations/jabalpur/mushroom-grow-bags
✓ Prerendered /locations/jabalpur/mushroom-grow-bags
SEO rendered!
SEO path: /locations/jabalpur/oyster-mushroom-kit
✓ Prerendered /locations/jabalpur/oyster-mushroom-kit
SEO rendered!
SEO path: /locations/jabalpur/buy-fresh-mushroom-online
✓ Prerendered /locations/jabalpur/buy-fresh-mushroom-online
SEO rendered!
SEO path: /locations/jabalpur/buy-dry-mushroom-online
✓ Prerendered /locations/jabalpur/buy-dry-mushroom-online
SEO rendered!
SEO path: /locations/jabalpur/oyster-mushroom-where-to-buy
✓ Prerendered /locations/jabalpur/oyster-mushroom-where-to-buy
SEO rendered!
SEO path: /locations/jabalpur/button-mushroom-near-me
✓ Prerendered /locations/jabalpur/button-mushroom-near-me
SEO rendered!
SEO path: /locations/jabalpur/fresh-mushroom-delivery
✓ Prerendered /locations/jabalpur/fresh-mushroom-delivery
SEO rendered!
SEO path: /locations/jabalpur/mushroom-farming
✓ Prerendered /locations/jabalpur/mushroom-farming
SEO rendered!
SEO path: /locations/pune
✓ Prerendered /locations/pune
SEO rendered!
SEO path: /locations/pune/mushroom-training-center
✓ Prerendered /locations/pune/mushroom-training-center
SEO rendered!
SEO path: /locations/pune/government-mushroom-training-center
✓ Prerendered /locations/pune/government-mushroom-training-center
SEO rendered!
SEO path: /locations/pune/mushroom-training-center-near-me
✓ Prerendered /locations/pune/mushroom-training-center-near-me
SEO rendered!
SEO path: /locations/pune/mushroom-farming-training-center
✓ Prerendered /locations/pune/mushroom-farming-training-center
SEO rendered!
SEO path: /locations/pune/best-mushroom-training-center
✓ Prerendered /locations/pune/best-mushroom-training-center
SEO rendered!
SEO path: /locations/pune/mushroom-cultivation-training-center
✓ Prerendered /locations/pune/mushroom-cultivation-training-center
SEO rendered!
SEO path: /locations/pune/mushroom-cultivation-and-training-center
✓ Prerendered /locations/pune/mushroom-cultivation-and-training-center
SEO rendered!
SEO path: /locations/pune/mushroom-development-and-training-center
✓ Prerendered /locations/pune/mushroom-development-and-training-center
SEO rendered!
SEO path: /locations/pune/mushroom-farm-learning-center
✓ Prerendered /locations/pune/mushroom-farm-learning-center
SEO rendered!
SEO path: /locations/pune/mushroom-farming-training-by-government
✓ Prerendered /locations/pune/mushroom-farming-training-by-government
SEO rendered!
SEO path: /locations/pune/government-mushroom-training-center-near-me
✓ Prerendered /locations/pune/government-mushroom-training-center-near-me
SEO rendered!
SEO path: /locations/pune/mushroom-farming-training-government-online
✓ Prerendered /locations/pune/mushroom-farming-training-government-online
SEO rendered!
SEO path: /locations/pune/mushroom-farming-training
✓ Prerendered /locations/pune/mushroom-farming-training
SEO rendered!
SEO path: /locations/pune/mushroom-farming-training-offline
✓ Prerendered /locations/pune/mushroom-farming-training-offline
SEO rendered!
SEO path: /locations/pune/mushroom-farming-training-near-me
✓ Prerendered /locations/pune/mushroom-farming-training-near-me
SEO rendered!
SEO path: /locations/pune/mushroom-farming-training-online
✓ Prerendered /locations/pune/mushroom-farming-training-online
SEO rendered!
SEO path: /locations/pune/mushroom-cultivation-training-near-me
✓ Prerendered /locations/pune/mushroom-cultivation-training-near-me
SEO rendered!
SEO path: /locations/pune/mushroom-cultivation-training-centre-near-me
✓ Prerendered /locations/pune/mushroom-cultivation-training-centre-near-me
SEO rendered!
SEO path: /locations/pune/mushroom-cultivation-classes-online
✓ Prerendered /locations/pune/mushroom-cultivation-classes-online
SEO rendered!
SEO path: /locations/pune/mushroom-growing-training-courses
✓ Prerendered /locations/pune/mushroom-growing-training-courses
SEO rendered!
SEO path: /locations/pune/mushroom-education-courses
✓ Prerendered /locations/pune/mushroom-education-courses
SEO rendered!
SEO path: /locations/pune/mushroom-course-near-me
✓ Prerendered /locations/pune/mushroom-course-near-me
SEO rendered!
SEO path: /locations/pune/mushroom-cultivation-training-fees
✓ Prerendered /locations/pune/mushroom-cultivation-training-fees
SEO rendered!
SEO path: /locations/pune/oyster-mushroom-training-center
✓ Prerendered /locations/pune/oyster-mushroom-training-center
SEO rendered!
SEO path: /locations/pune/oyster-mushroom-training-near-me
✓ Prerendered /locations/pune/oyster-mushroom-training-near-me
SEO rendered!
SEO path: /locations/pune/oyster-mushroom-class
✓ Prerendered /locations/pune/oyster-mushroom-class
SEO rendered!
SEO path: /locations/pune/button-mushroom-training-center
✓ Prerendered /locations/pune/button-mushroom-training-center
SEO rendered!
SEO path: /locations/pune/button-mushroom-training-center-near-me
✓ Prerendered /locations/pune/button-mushroom-training-center-near-me
SEO rendered!
SEO path: /locations/pune/button-mushroom-training-near-me
✓ Prerendered /locations/pune/button-mushroom-training-near-me
SEO rendered!
SEO path: /locations/pune/button-mushroom-class
✓ Prerendered /locations/pune/button-mushroom-class
SEO rendered!
SEO path: /mushroom-farming-san-diego
✓ Prerendered /mushroom-farming-san-diego
SEO rendered!
SEO path: /how-to-start-indoor-mushroom-farm-california
✓ Prerendered /how-to-start-indoor-mushroom-farm-california
SEO rendered!
SEO path: /mushroom-farming-usa-guide
✓ Prerendered /mushroom-farming-usa-guide
SEO rendered!
SEO path: /404-not-found-page
✓ Prerendered 404.html
Prerendering completed.

  dist/server.cjs      54.5kb
  dist/server.cjs.map  84.8kb

⚡ Done in 11ms
